// Jest Snapshot v1, https://goo.gl/fbAQLP

exports[`#Main should render the heading 1`] = `
<main>
  <h1>
    Boilerplate viteess
  </h1>
</main>
`
